eeschema (2012-apr-16-27)-stable  >> Creation date: Fri 06 Feb 2015 11:25:01 PM CST

#Cmp ( order = Reference )
| C1         0.1uF       
| C2         0.1uF       
| C3         33pF        
| C4         33pF        
| C5         33pF        
| C6         100nF       
| C7         200uF       
| C8         0.01uF      
| C9         100nF       
| C10        470uF       
| C11        200uF       
| C12        200uF       
| C13        0.01uF      
| C14        0.01uF      
| C15        470uF       
| C16        470uF       
| C17        0.1uF       
| C18        220uF       
| C19        0.01uF      
| C20        10uF        
| C21        1000uF      
| D1         LED         
| D2         LED         
| D3         LED         
| D4         LED         
| D5         DIODESCH    
| D6         DIODESCH    
| D7         DIODESCH    
| D8         DIODESCH    
| L1         50uH        
| L2         50uH        
| L3         50uH        
| L4         25uH        
| Q1         PN2222A     
| Q2         PN2222A     
| Q3         PN2222A     
| R1         2.2k        
| R2         1k          
| R3         1k          
| R4         1k          
| R5         1k          
| R6         4.7k        
| R7         3.6k        
| R8         3.6k        
| R9         47k         
| R10        4.7k        
| R11        22          
| R12        47k         
| R13        22          
| R14        2.2k        
| R15        4.7k        
| R16        22          
| R17        15k         
| R18        47k         
| R19        2.2k        
| R20        2.7k        
| R21        1.6k        
| R22        2.21k       
| R23        2.7k        
| R24        2.7k        
| R25        1.6k        
| R26        2.21k       
| R27        1.6k        
| R28        2.21k       
| R29        1.6k        
| R30        1.6k        
| R31        3k          
| R32        1.8k        
| R33        1.6k        
| R34        1.6k        
| S1         SIM         
| SW1        SW_PUSH     
| U1         PICKIT3     
| U2         PIC32MX250F128B
| U3         MAX232_BRD  
| U4         UC15_CONN   
| U5         ALIEN_PWR   
| U6         LT1176_CN8  
| U7         LTC2951-1   
| U8         LT1074CT7   
| U9         LT1074CT7   
| U10        LT1176_CN8  
| U11        LT1965      
#End Cmp

#Cmp ( order = Value )
| 0.01uF       C8        
| 0.01uF       C13       
| 0.01uF       C14       
| 0.01uF       C19       
| 0.1uF        C1        
| 0.1uF        C2        
| 0.1uF        C17       
| 1.6k         R21       
| 1.6k         R25       
| 1.6k         R27       
| 1.6k         R29       
| 1.6k         R30       
| 1.6k         R33       
| 1.6k         R34       
| 1.8k         R32       
| 1000uF       C21       
| 100nF        C6        
| 100nF        C9        
| 10uF         C20       
| 15k          R17       
| 1k           R2        
| 1k           R3        
| 1k           R4        
| 1k           R5        
| 2.21k        R22       
| 2.21k        R26       
| 2.21k        R28       
| 2.2k         R1        
| 2.2k         R14       
| 2.2k         R19       
| 2.7k         R20       
| 2.7k         R23       
| 2.7k         R24       
| 200uF        C7        
| 200uF        C11       
| 200uF        C12       
| 22           R11       
| 22           R13       
| 22           R16       
| 220uF        C18       
| 25uH         L4        
| 3.6k         R7        
| 3.6k         R8        
| 33pF         C3        
| 33pF         C4        
| 33pF         C5        
| 3k           R31       
| 4.7k         R6        
| 4.7k         R10       
| 4.7k         R15       
| 470uF        C10       
| 470uF        C15       
| 470uF        C16       
| 47k          R9        
| 47k          R12       
| 47k          R18       
| 50uH         L1        
| 50uH         L2        
| 50uH         L3        
| ALIEN_PWR    U5        
| DIODESCH     D5        
| DIODESCH     D6        
| DIODESCH     D7        
| DIODESCH     D8        
| LED          D1        
| LED          D2        
| LED          D3        
| LED          D4        
| LT1074CT7    U8        
| LT1074CT7    U9        
| LT1176_CN8   U6        
| LT1176_CN8   U10       
| LT1965       U11       
| LTC2951-1    U7        
| MAX232_BRD   U3        
| PIC32MX250F128B U2        
| PICKIT3      U1        
| PN2222A      Q1        
| PN2222A      Q2        
| PN2222A      Q3        
| SIM          S1        
| SW_PUSH      SW1       
| UC15_CONN    U4        
#End Cmp

#End List
